// Jest Snapshot v1, https://goo.gl/fbAQLP

exports[`<Movies /> should match the snapshot 1`] = `null`;
