// Jest Snapshot v1, https://goo.gl/fbAQLP

exports[`<Overview /> should match the snapshot 1`] = `null`;
