// Jest Snapshot v1, https://goo.gl/fbAQLP

exports[`<Reviews /> should match the snapshot 1`] = `"<div class=\\"movie__details__meta\\"><h2>Reviews</h2><p>There are no available reviews.</p></div>"`;
