// Jest Snapshot v1, https://goo.gl/fbAQLP

exports[`<SimilarMovies /> should match the snapshot 1`] = `"<div class=\\"movie__details__meta\\"><h2>Similar Movies</h2><p>We could not find any similar movies.</p></div>"`;
