// Jest Snapshot v1, https://goo.gl/fbAQLP

exports[`<Trailers /> should match the snapshot 1`] = `"<div class=\\"movie__details__trailers\\"></div>"`;
